
Discarded input sections

 .group         0x0000000000000000        0xc ./pr4_lab.o

Memory Configuration

Name             Origin             Length             Attributes
*default*        0x0000000000000000 0xffffffffffffffff

Linker script and memory map

LOAD ./fun_asm.o
LOAD ./pr4_lab.o
LOAD c:/users/ivi17/downloads/eclipserv/eclipse/sysgcc/bin/../lib/gcc/riscv64-unknown-elf/10.1.0/rv32im/ilp32\libgcc.a
START GROUP
LOAD c:/users/ivi17/downloads/eclipserv/eclipse/sysgcc/bin/../lib/gcc/riscv64-unknown-elf/10.1.0/../../../../riscv64-unknown-elf/lib/rv32im/ilp32\libc.a
LOAD c:/users/ivi17/downloads/eclipserv/eclipse/sysgcc/bin/../lib/gcc/riscv64-unknown-elf/10.1.0/../../../../riscv64-unknown-elf/lib/rv32im/ilp32\libgloss.a
END GROUP
LOAD c:/users/ivi17/downloads/eclipserv/eclipse/sysgcc/bin/../lib/gcc/riscv64-unknown-elf/10.1.0/rv32im/ilp32\libgcc.a
                0x0000000000000000                . = 0x0

.text           0x0000000000000000       0xb4
 *(.text)
 .text          0x0000000000000000       0xb4 ./fun_asm.o
                0x0000000000000008                eucl_dist
                0x00000000000000a4                guardar
                0x00000000000000ac                guardar_word
 .text          0x00000000000000b4        0x0 ./pr4_lab.o

.text.mul       0x00000000000000b4       0x84
 .text.mul      0x00000000000000b4       0x84 ./pr4_lab.o
                0x00000000000000b4                mul

.text.i_sqrt    0x0000000000000138       0x58
 .text.i_sqrt   0x0000000000000138       0x58 ./pr4_lab.o
                0x0000000000000138                i_sqrt

.text.guardar_vector
                0x0000000000000190       0x8c
 .text.guardar_vector
                0x0000000000000190       0x8c ./pr4_lab.o
                0x0000000000000190                guardar_vector

.text.main      0x000000000000021c       0xa4
 .text.main     0x000000000000021c       0xa4 ./pr4_lab.o
                0x000000000000021c                main

.rela.dyn       0x00000000000002c0        0x0
 .rela.text     0x00000000000002c0        0x0 ./fun_asm.o
                0x0000000000010000                . = 0x10000

.data           0x0000000000010000        0x0
 *(.data)
 .data          0x0000000000010000        0x0 ./fun_asm.o
 .data          0x0000000000010000        0x0 ./pr4_lab.o

.data.U         0x0000000000010000       0x14
 .data.U        0x0000000000010000       0x14 ./pr4_lab.o
                0x0000000000010000                U

.data.V         0x0000000000010014       0x14
 .data.V        0x0000000000010014       0x14 ./pr4_lab.o
                0x0000000000010014                V

.bss            0x0000000000010028        0x0
 *(.bss)
 .bss           0x0000000000010028        0x0 ./fun_asm.o
 .bss           0x0000000000010028        0x0 ./pr4_lab.o

.sbss.mayor_u   0x0000000000010028        0x1
 .sbss.mayor_u  0x0000000000010028        0x1 ./pr4_lab.o
                0x0000000000010028                mayor_u

.bss.MAY        0x000000000001002c       0x14
 .bss.MAY       0x000000000001002c       0x14 ./pr4_lab.o
                0x000000000001002c                MAY

.rodata
 *(.rodata)
                0x0000000000020000                _stack = 0x20000
OUTPUT(pr4_lab.elf elf32-littleriscv)

.riscv.attributes
                0x0000000000000000       0x21
 .riscv.attributes
                0x0000000000000000       0x1f ./fun_asm.o
 .riscv.attributes
                0x000000000000001f       0x21 ./pr4_lab.o

.comment        0x0000000000000000       0x12
 .comment       0x0000000000000000       0x12 ./pr4_lab.o
                                         0x13 (size before relaxing)

.debug_line     0x0000000000000000      0x31e
 .debug_line    0x0000000000000000      0x141 ./fun_asm.o
 .debug_line    0x0000000000000141      0x1dd ./pr4_lab.o

.debug_info     0x0000000000000000      0x23a
 .debug_info    0x0000000000000000       0x26 ./fun_asm.o
 .debug_info    0x0000000000000026      0x214 ./pr4_lab.o

.debug_abbrev   0x0000000000000000      0x16c
 .debug_abbrev  0x0000000000000000       0x14 ./fun_asm.o
 .debug_abbrev  0x0000000000000014      0x158 ./pr4_lab.o

.debug_aranges  0x0000000000000000       0x58
 .debug_aranges
                0x0000000000000000       0x20 ./fun_asm.o
 .debug_aranges
                0x0000000000000020       0x38 ./pr4_lab.o

.debug_str      0x0000000000000000     0x2452
 .debug_str     0x0000000000000000       0x51 ./fun_asm.o
 .debug_str     0x0000000000000051     0x2401 ./pr4_lab.o
                                       0x2450 (size before relaxing)

.debug_ranges   0x0000000000000000       0x28
 .debug_ranges  0x0000000000000000       0x28 ./pr4_lab.o

.debug_macro    0x0000000000000000      0x6ff
 .debug_macro   0x0000000000000000       0x17 ./pr4_lab.o
 .debug_macro   0x0000000000000017      0x6e8 ./pr4_lab.o

.debug_frame    0x0000000000000000       0xa0
 .debug_frame   0x0000000000000000       0xa0 ./pr4_lab.o
