
Discarded input sections

 .group         0x0000000000000000        0xc ./pr5.o

Memory Configuration

Name             Origin             Length             Attributes
*default*        0x0000000000000000 0xffffffffffffffff

Linker script and memory map

LOAD ./fun_asm.o
LOAD ./pr5.o
LOAD c:/users/ivi17/documents/eclipse/sysgcc/bin/../lib/gcc/riscv64-unknown-elf/10.1.0/rv32im/ilp32\libgcc.a
START GROUP
LOAD c:/users/ivi17/documents/eclipse/sysgcc/bin/../lib/gcc/riscv64-unknown-elf/10.1.0/../../../../riscv64-unknown-elf/lib/rv32im/ilp32\libc.a
LOAD c:/users/ivi17/documents/eclipse/sysgcc/bin/../lib/gcc/riscv64-unknown-elf/10.1.0/../../../../riscv64-unknown-elf/lib/rv32im/ilp32\libgloss.a
END GROUP
LOAD c:/users/ivi17/documents/eclipse/sysgcc/bin/../lib/gcc/riscv64-unknown-elf/10.1.0/rv32im/ilp32\libgcc.a
                0x0000000000000000                . = 0x0

.text           0x0000000000000000      0x1f8
 *(.text)
 .text          0x0000000000000000      0x1f8 ./fun_asm.o
                0x0000000000000000                matrixCopy
                0x000000000000005c                matrixMul
                0x0000000000000108                matrixPow
 .text          0x00000000000001f8        0x0 ./pr5.o

.text.main      0x00000000000001f8       0x44
 .text.main     0x00000000000001f8       0x44 ./pr5.o
                0x00000000000001f8                main
                0x0000000000010000                . = 0x10000

.data           0x0000000000010000        0x0
 *(.data)
 .data          0x0000000000010000        0x0 ./fun_asm.o
 .data          0x0000000000010000        0x0 ./pr5.o

.data.graph     0x0000000000010000       0x64
 .data.graph    0x0000000000010000       0x64 ./pr5.o
                0x0000000000010000                graph

.bss            0x0000000000010064        0x0
 *(.bss)
 .bss           0x0000000000010064        0x0 ./fun_asm.o
 .bss           0x0000000000010064        0x0 ./pr5.o

.bss.z          0x0000000000010064       0x64
 .bss.z         0x0000000000010064       0x64 ./pr5.o
                0x0000000000010064                z

.sbss.paths     0x00000000000100c8        0x4
 .sbss.paths    0x00000000000100c8        0x4 ./pr5.o
                0x00000000000100c8                paths

.rodata
 *(.rodata)
                0x0000000000020000                _stack = 0x20000
OUTPUT(pr5.elf elf32-littleriscv)

.riscv.attributes
                0x0000000000000000       0x21
 .riscv.attributes
                0x0000000000000000       0x1f ./fun_asm.o
 .riscv.attributes
                0x000000000000001f       0x21 ./pr5.o

.comment        0x0000000000000000       0x12
 .comment       0x0000000000000000       0x12 ./pr5.o
                                         0x13 (size before relaxing)

.debug_line     0x0000000000000000      0x38d
 .debug_line    0x0000000000000000      0x32d ./fun_asm.o
 .debug_line    0x000000000000032d       0x60 ./pr5.o

.debug_info     0x0000000000000000       0xba
 .debug_info    0x0000000000000000       0x26 ./fun_asm.o
 .debug_info    0x0000000000000026       0x94 ./pr5.o

.debug_abbrev   0x0000000000000000       0x91
 .debug_abbrev  0x0000000000000000       0x14 ./fun_asm.o
 .debug_abbrev  0x0000000000000014       0x7d ./pr5.o

.debug_aranges  0x0000000000000000       0x40
 .debug_aranges
                0x0000000000000000       0x20 ./fun_asm.o
 .debug_aranges
                0x0000000000000020       0x20 ./pr5.o

.debug_str      0x0000000000000000     0x23fd
 .debug_str     0x0000000000000000       0x4a ./fun_asm.o
 .debug_str     0x000000000000004a     0x23b3 ./pr5.o
                                       0x23ef (size before relaxing)

.debug_ranges   0x0000000000000000       0x10
 .debug_ranges  0x0000000000000000       0x10 ./pr5.o

.debug_macro    0x0000000000000000      0x711
 .debug_macro   0x0000000000000000       0x29 ./pr5.o
 .debug_macro   0x0000000000000029      0x6e8 ./pr5.o

.debug_frame    0x0000000000000000       0x2c
 .debug_frame   0x0000000000000000       0x2c ./pr5.o
