15:37:38 **** Clean-only build of configuration Debug for project pr4 ****
make clean 
rm -rf  ./fun_asm.o ./pr4.o  pr4.hex  pr4.lst  pr4.siz  ./fun_asm.d  ./pr4.d  pr4.elf
' '
15:37:40 **** Build of configuration Debug for project pr4 ****
make all 
'Building file: ../fun_asm.asm'
'Invoking: GNU RISC-V Cross Assembler'
riscv64-unknown-elf-gcc -march=rv32im -mabi=ilp32 -msmall-data-limit=8 -mno-save-restore -O0 -fmessage-length=0 -fsigned-char -ffunction-sections -fdata-sections  -g3 -x assembler-with-cpp -MMD -MP -MF"fun_asm.d" -MT"fun_asm.o" -c -o "fun_asm.o" "../fun_asm.asm"
'Finished building: ../fun_asm.asm'
' '
'Building file: ../pr4.c'
'Invoking: GNU RISC-V Cross C Compiler'
riscv64-unknown-elf-gcc -march=rv32im -mabi=ilp32 -msmall-data-limit=8 -mno-save-restore -O0 -fmessage-length=0 -fsigned-char -ffunction-sections -fdata-sections  -g3 -std=gnu11 -MMD -MP -MF"pr4.d" -MT"pr4.o" -c -o "pr4.o" "../pr4.c"
'Finished building: ../pr4.c'
' '
'Building target: pr4.elf'
'Invoking: GNU RISC-V Cross C Linker'
riscv64-unknown-elf-gcc -march=rv32im -mabi=ilp32 -msmall-data-limit=8 -mno-save-restore -O0 -fmessage-length=0 -fsigned-char -ffunction-sections -fdata-sections  -g3 -T ../ldscript.ld -nostartfiles -Wl,-Map,"pr4.map" -o "pr4.elf"  ./fun_asm.o ./pr4.o   
'Finished building target: pr4.elf'
' '
'Invoking: GNU RISC-V Cross Create Flash Image'
riscv64-unknown-elf-objcopy -O ihex "pr4.elf"  "pr4.hex"
'Finished building: pr4.hex'
' '
'Invoking: GNU RISC-V Cross Create Listing'
riscv64-unknown-elf-objdump --source --all-headers --demangle --disassemble --line-numbers --wide "pr4.elf" > "pr4.lst"
'Finished building: pr4.lst'
' '
'Invoking: GNU RISC-V Cross Print Size'
riscv64-unknown-elf-size --format=berkeley "pr4.elf"
   text	   data	    bss	    dec	    hex	filename
    532	     40	      1	    573	    23d	pr4.elf
'Finished building: pr4.siz'
' '
15:37:55 **** Incremental Build of configuration Debug for project pr4 ****
make all 
'Invoking: GNU RISC-V Cross Print Size'
riscv64-unknown-elf-size --format=berkeley "pr4.elf"
   text	   data	    bss	    dec	    hex	filename
    532	     40	      1	    573	    23d	pr4.elf
'Finished building: pr4.siz'
' '
15:38:39 **** Incremental Build of configuration Debug for project pr4 ****
make all 
'Invoking: GNU RISC-V Cross Print Size'
riscv64-unknown-elf-size --format=berkeley "pr4.elf"
   text	   data	    bss	    dec	    hex	filename
    532	     40	      1	    573	    23d	pr4.elf
'Finished building: pr4.siz'
' '
15:39:57 **** Incremental Build of configuration Debug for project pr4 ****
make all 
'Invoking: GNU RISC-V Cross Print Size'
riscv64-unknown-elf-size --format=berkeley "pr4.elf"
   text	   data	    bss	    dec	    hex	filename
    532	     40	      1	    573	    23d	pr4.elf
'Finished building: pr4.siz'
' '
16:10:31 **** Incremental Build of configuration Debug for project pr4 ****
make all 
'Building file: ../fun_asm.asm'
'Invoking: GNU RISC-V Cross Assembler'
riscv64-unknown-elf-gcc -march=rv32im -mabi=ilp32 -msmall-data-limit=8 -mno-save-restore -O0 -fmessage-length=0 -fsigned-char -ffunction-sections -fdata-sections  -g3 -x assembler-with-cpp -MMD -MP -MF"fun_asm.d" -MT"fun_asm.o" -c -o "fun_asm.o" "../fun_asm.asm"
'Finished building: ../fun_asm.asm'
' '
'Building target: pr4.elf'
'Invoking: GNU RISC-V Cross C Linker'
riscv64-unknown-elf-gcc -march=rv32im -mabi=ilp32 -msmall-data-limit=8 -mno-save-restore -O0 -fmessage-length=0 -fsigned-char -ffunction-sections -fdata-sections  -g3 -T ../ldscript.ld -nostartfiles -Wl,-Map,"pr4.map" -o "pr4.elf"  ./fun_asm.o ./pr4.o   
c:/users/ivi17/downloads/eclipserv/eclipse/sysgcc/bin/../lib/gcc/riscv64-unknown-elf/10.1.0/../../../../riscv64-unknown-elf/bin/ld.exe: ./pr4.o: in function `guardar':
C:\Users\ivi17\Downloads\FC2practicasWS\pr4\Debug/../pr4.c:27: multiple definition of `guardar'; ./fun_asm.o:C:\Users\ivi17\Downloads\FC2practicasWS\pr4\Debug/../fun_asm.asm:78: first defined here
c:/users/ivi17/downloads/eclipserv/eclipse/sysgcc/bin/../lib/gcc/riscv64-unknown-elf/10.1.0/../../../../riscv64-unknown-elf/bin/ld.exe: ./pr4.o: in function `eucl_dist':
C:\Users\ivi17\Downloads\FC2practicasWS\pr4\Debug/../pr4.c:62: multiple definition of `eucl_dist'; ./fun_asm.o:C:\Users\ivi17\Downloads\FC2practicasWS\pr4\Debug/../fun_asm.asm:32: first defined here
collect2.exe: error: ld returned 1 exit status
make: *** [pr4.elf] Error 1
"make all" terminated with exit code 2. Build might be incomplete.
16:10:53 **** Incremental Build of configuration Debug for project pr4 ****
make all 
'Building file: ../fun_asm.asm'
'Invoking: GNU RISC-V Cross Assembler'
riscv64-unknown-elf-gcc -march=rv32im -mabi=ilp32 -msmall-data-limit=8 -mno-save-restore -O0 -fmessage-length=0 -fsigned-char -ffunction-sections -fdata-sections  -g3 -x assembler-with-cpp -MMD -MP -MF"fun_asm.d" -MT"fun_asm.o" -c -o "fun_asm.o" "../fun_asm.asm"
'Finished building: ../fun_asm.asm'
' '
'Building target: pr4.elf'
'Invoking: GNU RISC-V Cross C Linker'
riscv64-unknown-elf-gcc -march=rv32im -mabi=ilp32 -msmall-data-limit=8 -mno-save-restore -O0 -fmessage-length=0 -fsigned-char -ffunction-sections -fdata-sections  -g3 -T ../ldscript.ld -nostartfiles -Wl,-Map,"pr4.map" -o "pr4.elf"  ./fun_asm.o ./pr4.o   
'Finished building target: pr4.elf'
' '
'Invoking: GNU RISC-V Cross Create Flash Image'
riscv64-unknown-elf-objcopy -O ihex "pr4.elf"  "pr4.hex"
'Finished building: pr4.hex'
' '
'Invoking: GNU RISC-V Cross Create Listing'
riscv64-unknown-elf-objdump --source --all-headers --demangle --disassemble --line-numbers --wide "pr4.elf" > "pr4.lst"
'Finished building: pr4.lst'
' '
'Invoking: GNU RISC-V Cross Print Size'
riscv64-unknown-elf-size --format=berkeley "pr4.elf"
   text	   data	    bss	    dec	    hex	filename
    680	     40	      1	    721	    2d1	pr4.elf
'Finished building: pr4.siz'
' '
16:12:32 **** Incremental Build of configuration Debug for project pr4 ****
make all 
'Building file: ../fun_asm.asm'
'Invoking: GNU RISC-V Cross Assembler'
riscv64-unknown-elf-gcc -march=rv32im -mabi=ilp32 -msmall-data-limit=8 -mno-save-restore -O0 -fmessage-length=0 -fsigned-char -ffunction-sections -fdata-sections  -g3 -x assembler-with-cpp -MMD -MP -MF"fun_asm.d" -MT"fun_asm.o" -c -o "fun_asm.o" "../fun_asm.asm"
'Finished building: ../fun_asm.asm'
' '
'Building target: pr4.elf'
'Invoking: GNU RISC-V Cross C Linker'
riscv64-unknown-elf-gcc -march=rv32im -mabi=ilp32 -msmall-data-limit=8 -mno-save-restore -O0 -fmessage-length=0 -fsigned-char -ffunction-sections -fdata-sections  -g3 -T ../ldscript.ld -nostartfiles -Wl,-Map,"pr4.map" -o "pr4.elf"  ./fun_asm.o ./pr4.o   
c:/users/ivi17/downloads/eclipserv/eclipse/sysgcc/bin/../lib/gcc/riscv64-unknown-elf/10.1.0/../../../../riscv64-unknown-elf/bin/ld.exe: ./pr4.o: in function `guardar':
C:\Users\ivi17\Downloads\FC2practicasWS\pr4\Debug/../pr4.c:27: multiple definition of `guardar'; ./fun_asm.o:C:\Users\ivi17\Downloads\FC2practicasWS\pr4\Debug/../fun_asm.asm:78: first defined here
c:/users/ivi17/downloads/eclipserv/eclipse/sysgcc/bin/../lib/gcc/riscv64-unknown-elf/10.1.0/../../../../riscv64-unknown-elf/bin/ld.exe: ./pr4.o: in function `eucl_dist':
C:\Users\ivi17\Downloads\FC2practicasWS\pr4\Debug/../pr4.c:62: multiple definition of `eucl_dist'; ./fun_asm.o:C:\Users\ivi17\Downloads\FC2practicasWS\pr4\Debug/../fun_asm.asm:32: first defined here
collect2.exe: error: ld returned 1 exit status
make: *** [pr4.elf] Error 1
"make all" terminated with exit code 2. Build might be incomplete.
16:12:57 **** Incremental Build of configuration Debug for project pr4 ****
make all 
'Building file: ../pr4.c'
'Invoking: GNU RISC-V Cross C Compiler'
riscv64-unknown-elf-gcc -march=rv32im -mabi=ilp32 -msmall-data-limit=8 -mno-save-restore -O0 -fmessage-length=0 -fsigned-char -ffunction-sections -fdata-sections  -g3 -std=gnu11 -MMD -MP -MF"pr4.d" -MT"pr4.o" -c -o "pr4.o" "../pr4.c"
../pr4.c: In function 'main':
../pr4.c:80:12: warning: implicit declaration of function 'eucl_dist' [-Wimplicit-function-declaration]
   80 |  int d_u = eucl_dist(U, N);
      |            ^~~~~~~~~
../pr4.c:84:2: warning: implicit declaration of function 'guardar' [-Wimplicit-function-declaration]
   84 |  guardar(mayor, &mayor_u);
      |  ^~~~~~~
'Finished building: ../pr4.c'
' '
'Building target: pr4.elf'
'Invoking: GNU RISC-V Cross C Linker'
riscv64-unknown-elf-gcc -march=rv32im -mabi=ilp32 -msmall-data-limit=8 -mno-save-restore -O0 -fmessage-length=0 -fsigned-char -ffunction-sections -fdata-sections  -g3 -T ../ldscript.ld -nostartfiles -Wl,-Map,"pr4.map" -o "pr4.elf"  ./fun_asm.o ./pr4.o   
'Finished building target: pr4.elf'
' '
'Invoking: GNU RISC-V Cross Create Flash Image'
riscv64-unknown-elf-objcopy -O ihex "pr4.elf"  "pr4.hex"
'Finished building: pr4.hex'
' '
'Invoking: GNU RISC-V Cross Create Listing'
riscv64-unknown-elf-objdump --source --all-headers --demangle --disassemble --line-numbers --wide "pr4.elf" > "pr4.lst"
'Finished building: pr4.lst'
' '
'Invoking: GNU RISC-V Cross Print Size'
riscv64-unknown-elf-size --format=berkeley "pr4.elf"
   text	   data	    bss	    dec	    hex	filename
    468	     40	      1	    509	    1fd	pr4.elf
'Finished building: pr4.siz'
' '
16:14:58 **** Incremental Build of configuration Debug for project pr4 ****
make all 
'Building file: ../fun_asm.asm'
'Invoking: GNU RISC-V Cross Assembler'
riscv64-unknown-elf-gcc -march=rv32im -mabi=ilp32 -msmall-data-limit=8 -mno-save-restore -O0 -fmessage-length=0 -fsigned-char -ffunction-sections -fdata-sections  -g3 -x assembler-with-cpp -MMD -MP -MF"fun_asm.d" -MT"fun_asm.o" -c -o "fun_asm.o" "../fun_asm.asm"
'Finished building: ../fun_asm.asm'
' '
'Building target: pr4.elf'
'Invoking: GNU RISC-V Cross C Linker'
riscv64-unknown-elf-gcc -march=rv32im -mabi=ilp32 -msmall-data-limit=8 -mno-save-restore -O0 -fmessage-length=0 -fsigned-char -ffunction-sections -fdata-sections  -g3 -T ../ldscript.ld -nostartfiles -Wl,-Map,"pr4.map" -o "pr4.elf"  ./fun_asm.o ./pr4.o   
'Finished building target: pr4.elf'
' '
'Invoking: GNU RISC-V Cross Create Flash Image'
riscv64-unknown-elf-objcopy -O ihex "pr4.elf"  "pr4.hex"
'Finished building: pr4.hex'
' '
'Invoking: GNU RISC-V Cross Create Listing'
riscv64-unknown-elf-objdump --source --all-headers --demangle --disassemble --line-numbers --wide "pr4.elf" > "pr4.lst"
'Finished building: pr4.lst'
' '
'Invoking: GNU RISC-V Cross Print Size'
riscv64-unknown-elf-size --format=berkeley "pr4.elf"
   text	   data	    bss	    dec	    hex	filename
    472	     40	      1	    513	    201	pr4.elf
'Finished building: pr4.siz'
' '
16:16:47 **** Incremental Build of configuration Debug for project pr4 ****
make all 
'Building file: ../fun_asm.asm'
'Invoking: GNU RISC-V Cross Assembler'
riscv64-unknown-elf-gcc -march=rv32im -mabi=ilp32 -msmall-data-limit=8 -mno-save-restore -O0 -fmessage-length=0 -fsigned-char -ffunction-sections -fdata-sections  -g3 -x assembler-with-cpp -MMD -MP -MF"fun_asm.d" -MT"fun_asm.o" -c -o "fun_asm.o" "../fun_asm.asm"
'Finished building: ../fun_asm.asm'
' '
'Building target: pr4.elf'
'Invoking: GNU RISC-V Cross C Linker'
riscv64-unknown-elf-gcc -march=rv32im -mabi=ilp32 -msmall-data-limit=8 -mno-save-restore -O0 -fmessage-length=0 -fsigned-char -ffunction-sections -fdata-sections  -g3 -T ../ldscript.ld -nostartfiles -Wl,-Map,"pr4.map" -o "pr4.elf"  ./fun_asm.o ./pr4.o   
'Finished building target: pr4.elf'
' '
'Invoking: GNU RISC-V Cross Create Flash Image'
riscv64-unknown-elf-objcopy -O ihex "pr4.elf"  "pr4.hex"
'Finished building: pr4.hex'
' '
'Invoking: GNU RISC-V Cross Create Listing'
riscv64-unknown-elf-objdump --source --all-headers --demangle --disassemble --line-numbers --wide "pr4.elf" > "pr4.lst"
'Finished building: pr4.lst'
' '
'Invoking: GNU RISC-V Cross Print Size'
riscv64-unknown-elf-size --format=berkeley "pr4.elf"
   text	   data	    bss	    dec	    hex	filename
    492	     40	      1	    533	    215	pr4.elf
'Finished building: pr4.siz'
' '
16:17:35 **** Incremental Build of configuration Debug for project pr4 ****
make all 
'Building file: ../pr4.c'
'Invoking: GNU RISC-V Cross C Compiler'
riscv64-unknown-elf-gcc -march=rv32im -mabi=ilp32 -msmall-data-limit=8 -mno-save-restore -O0 -fmessage-length=0 -fsigned-char -ffunction-sections -fdata-sections  -g3 -std=gnu11 -MMD -MP -MF"pr4.d" -MT"pr4.o" -c -o "pr4.o" "../pr4.c"
../pr4.c: In function 'main':
../pr4.c:80:12: warning: implicit declaration of function 'eucl_dist' [-Wimplicit-function-declaration]
   80 |  int d_u = eucl_dist(U, N);
      |            ^~~~~~~~~
../pr4.c:84:2: warning: implicit declaration of function 'guardar' [-Wimplicit-function-declaration]
   84 |  guardar(mayor, &mayor_u);
      |  ^~~~~~~
'Finished building: ../pr4.c'
' '
'Building target: pr4.elf'
'Invoking: GNU RISC-V Cross C Linker'
riscv64-unknown-elf-gcc -march=rv32im -mabi=ilp32 -msmall-data-limit=8 -mno-save-restore -O0 -fmessage-length=0 -fsigned-char -ffunction-sections -fdata-sections  -g3 -T ../ldscript.ld -nostartfiles -Wl,-Map,"pr4.map" -o "pr4.elf"  ./fun_asm.o ./pr4.o   
'Finished building target: pr4.elf'
' '
'Invoking: GNU RISC-V Cross Create Flash Image'
riscv64-unknown-elf-objcopy -O ihex "pr4.elf"  "pr4.hex"
'Finished building: pr4.hex'
' '
'Invoking: GNU RISC-V Cross Create Listing'
riscv64-unknown-elf-objdump --source --all-headers --demangle --disassemble --line-numbers --wide "pr4.elf" > "pr4.lst"
'Finished building: pr4.lst'
' '
'Invoking: GNU RISC-V Cross Print Size'
riscv64-unknown-elf-size --format=berkeley "pr4.elf"
   text	   data	    bss	    dec	    hex	filename
    492	     40	      1	    533	    215	pr4.elf
'Finished building: pr4.siz'
' '
