11:50:33 **** Incremental Build of configuration Debug for project pr4_lab ****
make all 
'Building file: ../fun_asm.asm'
'Invoking: GNU RISC-V Cross Assembler'
riscv64-unknown-elf-gcc -march=rv32im -mabi=ilp32 -msmall-data-limit=8 -mno-save-restore -O0 -fmessage-length=0 -fsigned-char -ffunction-sections -fdata-sections  -g3 -x assembler-with-cpp -MMD -MP -MF"fun_asm.d" -MT"fun_asm.o" -c -o "fun_asm.o" "../fun_asm.asm"
'Finished building: ../fun_asm.asm'
' '
'Building file: ../pr4_lab.c'
'Invoking: GNU RISC-V Cross C Compiler'
riscv64-unknown-elf-gcc -march=rv32im -mabi=ilp32 -msmall-data-limit=8 -mno-save-restore -O0 -fmessage-length=0 -fsigned-char -ffunction-sections -fdata-sections  -g3 -std=gnu11 -MMD -MP -MF"pr4_lab.d" -MT"pr4_lab.o" -c -o "pr4_lab.o" "../pr4_lab.c"
../pr4_lab.c: In function 'guardar_vector':
../pr4_lab.c:83:3: warning: implicit declaration of function 'guardar_word'; did you mean 'guardar_vector'? [-Wimplicit-function-declaration]
   83 |   guardar_word(valor, direccion);
      |   ^~~~~~~~~~~~
      |   guardar_vector
../pr4_lab.c: In function 'main':
../pr4_lab.c:94:12: warning: implicit declaration of function 'eucl_dist' [-Wimplicit-function-declaration]
   94 |  int d_u = eucl_dist(U, N);
      |            ^~~~~~~~~
../pr4_lab.c:98:2: warning: implicit declaration of function 'guardar' [-Wimplicit-function-declaration]
   98 |  guardar(mayor, &mayor_u);
      |  ^~~~~~~
'Finished building: ../pr4_lab.c'
' '
'Building target: pr4_lab.elf'
'Invoking: GNU RISC-V Cross C Linker'
riscv64-unknown-elf-gcc -march=rv32im -mabi=ilp32 -msmall-data-limit=8 -mno-save-restore -O0 -fmessage-length=0 -fsigned-char -ffunction-sections -fdata-sections  -g3 -T ../ldscript.ld -nostartfiles -Wl,-Map,"pr4_lab.map" -o "pr4_lab.elf"  ./fun_asm.o ./pr4_lab.o   
'Finished building target: pr4_lab.elf'
' '
'Invoking: GNU RISC-V Cross Create Flash Image'
riscv64-unknown-elf-objcopy -O ihex "pr4_lab.elf"  "pr4_lab.hex"
'Finished building: pr4_lab.hex'
' '
'Invoking: GNU RISC-V Cross Create Listing'
riscv64-unknown-elf-objdump --source --all-headers --demangle --disassemble --line-numbers --wide "pr4_lab.elf" > "pr4_lab.lst"
'Finished building: pr4_lab.lst'
' '
'Invoking: GNU RISC-V Cross Print Size'
riscv64-unknown-elf-size --format=berkeley "pr4_lab.elf"
   text	   data	    bss	    dec	    hex	filename
    704	     40	     21	    765	    2fd	pr4_lab.elf
'Finished building: pr4_lab.siz'
' '

11:50:35 Build Finished. 0 errors, 3 warnings. (took 1s.994ms)

